
> huddle-io@0.1.0 build C:\Users\USER\Desktop\app.hudddle
> next build

  Γû▓ Next.js 14.2.4
  - Environments: .env

   Creating an optimized production build ...
node.exe : Browserslist: caniuse-lite is outdated. Please run:
At C:\Users\USER\AppData\Roaming\npm\pnpm.ps1:24 char:5
+     & "node$exe"  "$basedir/node_modules/pnpm/bin/pnpm.cjs" $args
+     ~~~~~~~~~~~~~~~~~~~~~~~~~~~~~~~~~~~~~~~~~~~~~~~~~~~~~~~~~~~~~
    + CategoryInfo          : NotSpecified: (Browserslist: c...ed. Please run::String) [], RemoteException
    + FullyQualifiedErrorId : NativeCommandError
 
  npx update-browserslist-db@latest
  Why you should do it regularly: https://github.com/browserslist/update-db#readme
 Γ£ô Compiled successfully
   Linting and checking validity of types ...
   Collecting page data ...
   Generating static pages (0/15) ...
{
  currentUser: null,
  loading: true,
  error: null,
  token: null,
  logout: [Function: logout],
  refreshUser: [AsyncFunction: refreshUser]
}
   Generating static pages (3/15) 
   Generating static pages (7/15) 
   Generating static pages (11/15) 
 Γ£ô Generating static pages (15/15)
   Finalizing page optimization ...
   Collecting build traces ...

Route (app)                              Size     First Load JS
Γöî Γùï /                                    938 B          88.3 kB
Γö£ Γùï /_not-found                          879 B          88.3 kB
Γö£ Γùï /auth/forgot-password                3.98 kB         111 kB
Γö£ Γùï /auth/sign-in                        4.87 kB         155 kB
Γö£ Γùï /auth/sign-up                        4.86 kB         155 kB
Γö£ Γùï /dashboard                           13 kB           155 kB
Γö£ Γùï /edit-profile                        5.56 kB         114 kB
Γö£ ╞Æ /friends                             7.26 kB         154 kB
Γö£ ╞Æ /friends/search/[email]              3.55 kB         114 kB
Γö£ Γùï /leaderboards                        180 B          92.6 kB
Γö£ Γùï /onBoarding                          6.27 kB         157 kB
Γö£ Γùï /workroom                            9.51 kB         139 kB
Γö£ ╞Æ /workroom/create/[roomId]            1.08 kB         259 kB
Γö£ ╞Æ /workroom/edit/[roomId]              1.13 kB         259 kB
Γö£ ╞Æ /workroom/room/[roomId]              132 kB          360 kB
Γöö Γùï /your-tasks                          9.27 kB         188 kB
+ First Load JS shared by all            87.4 kB
  Γö£ chunks/5221-422f955e1a83147c.js      31.7 kB
  Γö£ chunks/67cfe1a8-e101c5f539d4e3c6.js  53.6 kB
  Γöö other shared chunks (total)          2.03 kB


Γùï  (Static)   prerendered as static content
╞Æ  (Dynamic)  server-rendered on demand

